<?xml version="1.0" encoding="utf-8"?>
<TestRun id="50000d55-0cb5-4110-92c9-856eefac4db4" name="angel.quevedo@LSTKMA321036 2025-10-26 13:04:24" runUser="SOFTTEKPROJECTS\angel.quevedo" xmlns="http://microsoft.com/schemas/VisualStudio/TeamTest/2010">
  <Times creation="2025-10-26T13:04:24.7454146+00:00" queuing="2025-10-26T13:04:24.7454152+00:00" start="2025-10-26T13:04:23.2353223+00:00" finish="2025-10-26T13:04:24.7998438+00:00" />
  <TestSettings name="default" id="1db22414-b87c-42b9-bfc6-a9f5f21ca5e2">
    <Deployment runDeploymentRoot="angel.quevedo_LSTKMA321036_2025-10-26_13_04_24" />
  </TestSettings>
  <Results>
    <UnitTestResult executionId="269a6af2-573f-4856-8ea1-ed6a17cd5447" testId="99072ed1-f65b-a025-ec7e-ee68ab4cf7c8" testName="FridaApi.Tests.ImageTaggingControllerTests.GenerateTags_WhenContentTypeHasMixedCase_ShouldProcessSuccessfully(contentType: &quot;IMAGE/JPEG&quot;)" computerName="LSTKMA321036" duration="00:00:00.2533684" startTime="2025-10-26T13:04:24.6396574+00:00" endTime="2025-10-26T13:04:24.6396727+00:00" testType="13cdc9d9-ddb5-4fa4-a97d-d965ccfc6d4b" outcome="Passed" testListId="8c84fa94-04c1-424b-9868-57a2d4851a1d" relativeResultsDirectory="269a6af2-573f-4856-8ea1-ed6a17cd5447" />
    <UnitTestResult executionId="70d7a287-ce93-4027-8a14-1ac286059a9c" testId="e42a317b-add1-755c-2335-8611b5350374" testName="FridaApi.Tests.ImageTaggingControllerTests.GenerateTags_WhenLlmApiReturnsHttpError_ShouldReturnCorrectStatusCode(errorCode: InternalServerError)" computerName="LSTKMA321036" duration="00:00:00.0008699" startTime="2025-10-26T13:04:24.6645383+00:00" endTime="2025-10-26T13:04:24.6645386+00:00" testType="13cdc9d9-ddb5-4fa4-a97d-d965ccfc6d4b" outcome="Passed" testListId="8c84fa94-04c1-424b-9868-57a2d4851a1d" relativeResultsDirectory="70d7a287-ce93-4027-8a14-1ac286059a9c" />
    <UnitTestResult executionId="ffa2d2a2-8ced-445c-87a4-f22c671fd703" testId="8aea56b9-fb9d-1190-b44e-c10e1c595276" testName="FridaApi.Tests.ImageTaggingControllerTests.GenerateTags_WhenContentTypeIsValid_ShouldProcessSuccessfully(contentType: &quot;image/jpeg&quot;)" computerName="LSTKMA321036" duration="00:00:00.0015114" startTime="2025-10-26T13:04:24.6939854+00:00" endTime="2025-10-26T13:04:24.6939854+00:00" testType="13cdc9d9-ddb5-4fa4-a97d-d965ccfc6d4b" outcome="Passed" testListId="8c84fa94-04c1-424b-9868-57a2d4851a1d" relativeResultsDirectory="ffa2d2a2-8ced-445c-87a4-f22c671fd703" />
    <UnitTestResult executionId="5496dafa-cc7d-49f8-b565-7eaf15975dee" testId="26a7a7d5-3966-0032-64f9-93640871a553" testName="FridaApi.Tests.ImageTaggingControllerTests.GenerateTags_WhenImageIsNull_ShouldReturnBadRequest" computerName="LSTKMA321036" duration="00:00:00.0007530" startTime="2025-10-26T13:04:24.6970472+00:00" endTime="2025-10-26T13:04:24.6970472+00:00" testType="13cdc9d9-ddb5-4fa4-a97d-d965ccfc6d4b" outcome="Passed" testListId="8c84fa94-04c1-424b-9868-57a2d4851a1d" relativeResultsDirectory="5496dafa-cc7d-49f8-b565-7eaf15975dee" />
    <UnitTestResult executionId="35d6ecc1-0a20-4c0f-a935-cc08119ead49" testId="7491ec0a-5693-6b80-e8fa-7a6617b06dd6" testName="FridaApi.Tests.ImageTaggingControllerTests.GenerateTags_WhenContentTypeHasMixedCase_ShouldProcessSuccessfully(contentType: &quot;Image/PNG&quot;)" computerName="LSTKMA321036" duration="00:00:00.0025320" startTime="2025-10-26T13:04:24.6421371+00:00" endTime="2025-10-26T13:04:24.6421373+00:00" testType="13cdc9d9-ddb5-4fa4-a97d-d965ccfc6d4b" outcome="Passed" testListId="8c84fa94-04c1-424b-9868-57a2d4851a1d" relativeResultsDirectory="35d6ecc1-0a20-4c0f-a935-cc08119ead49" />
    <UnitTestResult executionId="64b19f5a-0dac-4f0b-9d35-e37976c6aac2" testId="a54927a1-8cac-6db0-0697-7d5c5ffbd796" testName="FridaApi.Tests.ImageTaggingControllerTests.GenerateTags_WhenContentTypeIsValid_ShouldProcessSuccessfully(contentType: &quot;image/jpg&quot;)" computerName="LSTKMA321036" duration="00:00:00.0011371" startTime="2025-10-26T13:04:24.6940445+00:00" endTime="2025-10-26T13:04:24.6940446+00:00" testType="13cdc9d9-ddb5-4fa4-a97d-d965ccfc6d4b" outcome="Passed" testListId="8c84fa94-04c1-424b-9868-57a2d4851a1d" relativeResultsDirectory="64b19f5a-0dac-4f0b-9d35-e37976c6aac2" />
    <UnitTestResult executionId="1e386230-eeb1-4fcf-b043-6b81518101a6" testId="e7708ff5-b7b3-e45e-86b9-62ee4ef90d0f" testName="FridaApi.Tests.ImageTaggingControllerTests.GenerateTags_WhenLlmApiReturnsHttpError_ShouldReturnCorrectStatusCode(errorCode: ServiceUnavailable)" computerName="LSTKMA321036" duration="00:00:00.0041331" startTime="2025-10-26T13:04:24.6635644+00:00" endTime="2025-10-26T13:04:24.6635648+00:00" testType="13cdc9d9-ddb5-4fa4-a97d-d965ccfc6d4b" outcome="Passed" testListId="8c84fa94-04c1-424b-9868-57a2d4851a1d" relativeResultsDirectory="1e386230-eeb1-4fcf-b043-6b81518101a6" />
    <UnitTestResult executionId="1bf116ef-7092-44b9-b7fd-cff36f03725b" testId="418ac5af-c3b7-a666-908f-37abb5ba4149" testName="FridaApi.Tests.ImageTaggingControllerTests.GenerateTags_WhenLlmApiReturnsHttpError_ShouldReturnCorrectStatusCode(errorCode: BadRequest)" computerName="LSTKMA321036" duration="00:00:00.0003517" startTime="2025-10-26T13:04:24.6654575+00:00" endTime="2025-10-26T13:04:24.6654576+00:00" testType="13cdc9d9-ddb5-4fa4-a97d-d965ccfc6d4b" outcome="Passed" testListId="8c84fa94-04c1-424b-9868-57a2d4851a1d" relativeResultsDirectory="1bf116ef-7092-44b9-b7fd-cff36f03725b" />
    <UnitTestResult executionId="8004314e-8d60-4d88-bd14-f5332b860490" testId="99e89085-4b7d-0550-4d82-67456ce6a1e0" testName="FridaApi.Tests.ImageTaggingControllerTests.GenerateTags_WhenSuccessful_ShouldHaveRecentTimestamp" computerName="LSTKMA321036" duration="00:00:00.0022483" startTime="2025-10-26T13:04:24.6938410+00:00" endTime="2025-10-26T13:04:24.6938412+00:00" testType="13cdc9d9-ddb5-4fa4-a97d-d965ccfc6d4b" outcome="Passed" testListId="8c84fa94-04c1-424b-9868-57a2d4851a1d" relativeResultsDirectory="8004314e-8d60-4d88-bd14-f5332b860490" />
    <UnitTestResult executionId="09e4a1ce-7344-4013-b185-503431f3827e" testId="3251d56d-5bbe-90cb-c32b-73e0e5fbff90" testName="FridaApi.Tests.ImageTaggingControllerTests.GenerateTags_WhenSuccessful_ShouldSendCorrectRequestToLlmApi" computerName="LSTKMA321036" duration="00:00:00.0086906" startTime="2025-10-26T13:04:24.6982395+00:00" endTime="2025-10-26T13:04:24.6982395+00:00" testType="13cdc9d9-ddb5-4fa4-a97d-d965ccfc6d4b" outcome="Passed" testListId="8c84fa94-04c1-424b-9868-57a2d4851a1d" relativeResultsDirectory="09e4a1ce-7344-4013-b185-503431f3827e" />
    <UnitTestResult executionId="36b7735d-f464-49c9-a880-ac94a99ab14d" testId="4af9d140-fc18-c5ac-949f-7d63d2685d84" testName="FridaApi.Tests.ImageTaggingControllerTests.GenerateTags_WhenContentTypeIsValid_ShouldProcessSuccessfully(contentType: &quot;image/gif&quot;)" computerName="LSTKMA321036" duration="00:00:00.0008385" startTime="2025-10-26T13:04:24.6941637+00:00" endTime="2025-10-26T13:04:24.6941639+00:00" testType="13cdc9d9-ddb5-4fa4-a97d-d965ccfc6d4b" outcome="Passed" testListId="8c84fa94-04c1-424b-9868-57a2d4851a1d" relativeResultsDirectory="36b7735d-f464-49c9-a880-ac94a99ab14d" />
    <UnitTestResult executionId="f95846ad-b1db-4c82-bd25-f0eb44ecb8ac" testId="04dff2c2-85a4-6eae-bef4-27efcb72e1de" testName="FridaApi.Tests.ImageTaggingControllerTests.GenerateTags_WhenContentTypeIsValid_ShouldProcessSuccessfully(contentType: &quot;image/bmp&quot;)" computerName="LSTKMA321036" duration="00:00:00.0007972" startTime="2025-10-26T13:04:24.6943228+00:00" endTime="2025-10-26T13:04:24.6943230+00:00" testType="13cdc9d9-ddb5-4fa4-a97d-d965ccfc6d4b" outcome="Passed" testListId="8c84fa94-04c1-424b-9868-57a2d4851a1d" relativeResultsDirectory="f95846ad-b1db-4c82-bd25-f0eb44ecb8ac" />
    <UnitTestResult executionId="821fc636-f765-4612-94c8-6d6fb1d659ca" testId="ab49c52a-12e1-a4b4-c921-f18a643724a1" testName="FridaApi.Tests.ImageTaggingControllerTests.GenerateTags_WhenContentTypeIsInvalid_ShouldReturnBadRequest" computerName="LSTKMA321036" duration="00:00:00.0014065" startTime="2025-10-26T13:04:24.7057209+00:00" endTime="2025-10-26T13:04:24.7057215+00:00" testType="13cdc9d9-ddb5-4fa4-a97d-d965ccfc6d4b" outcome="Passed" testListId="8c84fa94-04c1-424b-9868-57a2d4851a1d" relativeResultsDirectory="821fc636-f765-4612-94c8-6d6fb1d659ca" />
    <UnitTestResult executionId="0f8bf5cb-3806-4d5c-8734-3855b7950aa9" testId="43f9b712-a95c-ec35-fd12-a3e04767e948" testName="FridaApi.Tests.ImageTaggingControllerTests.GenerateTags_WhenLlmResponseHasEmptyContent_ShouldReturnBadRequest" computerName="LSTKMA321036" duration="00:00:00.0021996" startTime="2025-10-26T13:04:24.6969899+00:00" endTime="2025-10-26T13:04:24.6969902+00:00" testType="13cdc9d9-ddb5-4fa4-a97d-d965ccfc6d4b" outcome="Passed" testListId="8c84fa94-04c1-424b-9868-57a2d4851a1d" relativeResultsDirectory="0f8bf5cb-3806-4d5c-8734-3855b7950aa9" />
    <UnitTestResult executionId="e5e1298d-3c06-40af-8c19-76e70095fcad" testId="bf06c0a1-3101-8836-5c07-58aee55487ce" testName="FridaApi.Tests.ImageTaggingControllerTests.GenerateTags_WhenLlmResponseHasNullMessage_ShouldReturnBadRequest" computerName="LSTKMA321036" duration="00:00:00.0012447" startTime="2025-10-26T13:04:24.6971205+00:00" endTime="2025-10-26T13:04:24.6971206+00:00" testType="13cdc9d9-ddb5-4fa4-a97d-d965ccfc6d4b" outcome="Passed" testListId="8c84fa94-04c1-424b-9868-57a2d4851a1d" relativeResultsDirectory="e5e1298d-3c06-40af-8c19-76e70095fcad" />
    <UnitTestResult executionId="07f041e4-1fa6-413c-991d-36763b1dbdee" testId="4f0536a6-2fbe-5ae6-e528-3336421c94de" testName="FridaApi.Tests.ImageTaggingControllerTests.GenerateTags_WhenLlmApiReturnsHttpError_ShouldReturnCorrectStatusCode(errorCode: Unauthorized)" computerName="LSTKMA321036" duration="00:00:00.0004550" startTime="2025-10-26T13:04:24.6650607+00:00" endTime="2025-10-26T13:04:24.6650608+00:00" testType="13cdc9d9-ddb5-4fa4-a97d-d965ccfc6d4b" outcome="Passed" testListId="8c84fa94-04c1-424b-9868-57a2d4851a1d" relativeResultsDirectory="07f041e4-1fa6-413c-991d-36763b1dbdee" />
    <UnitTestResult executionId="c85168fb-7ccf-478c-949a-4f4a8c0bca07" testId="14639210-5689-01d3-a2e3-4c79f0a13483" testName="FridaApi.Tests.ImageTaggingControllerTests.GenerateTags_WhenHttpClientThrowsException_ShouldReturnInternalServerError" computerName="LSTKMA321036" duration="00:00:00.0041599" startTime="2025-10-26T13:04:24.7041541+00:00" endTime="2025-10-26T13:04:24.7041546+00:00" testType="13cdc9d9-ddb5-4fa4-a97d-d965ccfc6d4b" outcome="Passed" testListId="8c84fa94-04c1-424b-9868-57a2d4851a1d" relativeResultsDirectory="c85168fb-7ccf-478c-949a-4f4a8c0bca07" />
    <UnitTestResult executionId="c913ca0e-4f4f-43ed-99d8-bd97e5bbc3ff" testId="7b97307a-1382-8bdb-68b3-58f786ec3d51" testName="FridaApi.Tests.ImageTaggingControllerTests.GenerateTags_WhenTagsContainWhitespace_ShouldTrimCorrectly" computerName="LSTKMA321036" duration="00:00:00.0015642" startTime="2025-10-26T13:04:24.6970874+00:00" endTime="2025-10-26T13:04:24.6970875+00:00" testType="13cdc9d9-ddb5-4fa4-a97d-d965ccfc6d4b" outcome="Passed" testListId="8c84fa94-04c1-424b-9868-57a2d4851a1d" relativeResultsDirectory="c913ca0e-4f4f-43ed-99d8-bd97e5bbc3ff" />
    <UnitTestResult executionId="0fc0ceeb-bddd-420a-b031-03242524067b" testId="ca276d9b-2714-6411-67db-f73edd950a85" testName="FridaApi.Tests.ImageTaggingControllerTests.GenerateTags_WhenLlmResponseHasWhitespaceOnlyContent_ShouldReturnBadRequest" computerName="LSTKMA321036" duration="00:00:00.0013892" startTime="2025-10-26T13:04:24.6998297+00:00" endTime="2025-10-26T13:04:24.6998298+00:00" testType="13cdc9d9-ddb5-4fa4-a97d-d965ccfc6d4b" outcome="Passed" testListId="8c84fa94-04c1-424b-9868-57a2d4851a1d" relativeResultsDirectory="0fc0ceeb-bddd-420a-b031-03242524067b" />
    <UnitTestResult executionId="971388fc-ad55-45f1-8552-a01cc313d3be" testId="5c855449-324c-d988-e2bc-fb41a9410225" testName="FridaApi.Tests.ImageTaggingControllerTests.GenerateTags_WhenTagsContainEmptyValues_ShouldFilterThemOut" computerName="LSTKMA321036" duration="00:00:00.0098196" startTime="2025-10-26T13:04:24.6592445+00:00" endTime="2025-10-26T13:04:24.6592450+00:00" testType="13cdc9d9-ddb5-4fa4-a97d-d965ccfc6d4b" outcome="Passed" testListId="8c84fa94-04c1-424b-9868-57a2d4851a1d" relativeResultsDirectory="971388fc-ad55-45f1-8552-a01cc313d3be" />
    <UnitTestResult executionId="dd539fb2-a407-4d42-bf03-861c6b776d77" testId="3958e981-5da1-22b7-d308-47507959d81c" testName="FridaApi.Tests.ImageTaggingControllerTests.GenerateTags_WhenLlmResponseHasEmptyChoicesArray_ShouldReturnBadRequest" computerName="LSTKMA321036" duration="00:00:00.0028584" startTime="2025-10-26T13:04:24.6938881+00:00" endTime="2025-10-26T13:04:24.6938882+00:00" testType="13cdc9d9-ddb5-4fa4-a97d-d965ccfc6d4b" outcome="Passed" testListId="8c84fa94-04c1-424b-9868-57a2d4851a1d" relativeResultsDirectory="dd539fb2-a407-4d42-bf03-861c6b776d77" />
    <UnitTestResult executionId="b9d77203-c6e6-48fe-9c22-7863c408aa7f" testId="890b8be9-1558-ac5b-0e2b-9c4a5c43d90d" testName="FridaApi.Tests.ImageTaggingControllerTests.GenerateTags_WhenContentTypeHasMixedCase_ShouldProcessSuccessfully(contentType: &quot;IMAGE/GIF&quot;)" computerName="LSTKMA321036" duration="00:00:00.0017492" startTime="2025-10-26T13:04:24.6436390+00:00" endTime="2025-10-26T13:04:24.6436392+00:00" testType="13cdc9d9-ddb5-4fa4-a97d-d965ccfc6d4b" outcome="Passed" testListId="8c84fa94-04c1-424b-9868-57a2d4851a1d" relativeResultsDirectory="b9d77203-c6e6-48fe-9c22-7863c408aa7f" />
    <UnitTestResult executionId="e406a99e-fbc1-4116-87ff-9a5024d94375" testId="8769ae65-37b2-1643-3cf3-bf1da22971ff" testName="FridaApi.Tests.ImageTaggingControllerTests.GenerateTags_WhenLlmApiReturnsHttpError_ShouldReturnCorrectStatusCode(errorCode: Forbidden)" computerName="LSTKMA321036" duration="00:00:00.0004537" startTime="2025-10-26T13:04:24.6936291+00:00" endTime="2025-10-26T13:04:24.6936293+00:00" testType="13cdc9d9-ddb5-4fa4-a97d-d965ccfc6d4b" outcome="Passed" testListId="8c84fa94-04c1-424b-9868-57a2d4851a1d" relativeResultsDirectory="e406a99e-fbc1-4116-87ff-9a5024d94375" />
    <UnitTestResult executionId="b447c323-dfcf-4538-b781-aaa69045dc9f" testId="98e61013-ab21-5322-4373-d622beba0b31" testName="FridaApi.Tests.ImageTaggingControllerTests.GenerateTags_WhenLlmResponseHasNullChoices_ShouldReturnBadRequest" computerName="LSTKMA321036" duration="00:00:00.0021854" startTime="2025-10-26T13:04:24.7133537+00:00" endTime="2025-10-26T13:04:24.7133540+00:00" testType="13cdc9d9-ddb5-4fa4-a97d-d965ccfc6d4b" outcome="Passed" testListId="8c84fa94-04c1-424b-9868-57a2d4851a1d" relativeResultsDirectory="b447c323-dfcf-4538-b781-aaa69045dc9f" />
    <UnitTestResult executionId="8becc854-f07d-4f1b-8a61-743d71af1198" testId="e00212c7-33ba-550b-59b4-670bb5f31ca8" testName="FridaApi.Tests.ImageTaggingControllerTests.GenerateTags_WhenLargeImageProvided_ShouldProcessCorrectly" computerName="LSTKMA321036" duration="00:00:00.0018303" startTime="2025-10-26T13:04:24.6943876+00:00" endTime="2025-10-26T13:04:24.6943877+00:00" testType="13cdc9d9-ddb5-4fa4-a97d-d965ccfc6d4b" outcome="Passed" testListId="8c84fa94-04c1-424b-9868-57a2d4851a1d" relativeResultsDirectory="8becc854-f07d-4f1b-8a61-743d71af1198" />
    <UnitTestResult executionId="296a15ac-14a6-4db7-8c5d-e8935697b0a3" testId="535da75d-95c7-40f7-3fcb-6aa4946925cf" testName="FridaApi.Tests.ImageTaggingControllerTests.GenerateTags_WhenContentTypeIsNull_ShouldReturnBadRequest" computerName="LSTKMA321036" duration="00:00:00.0011708" startTime="2025-10-26T13:04:24.7069873+00:00" endTime="2025-10-26T13:04:24.7069874+00:00" testType="13cdc9d9-ddb5-4fa4-a97d-d965ccfc6d4b" outcome="Passed" testListId="8c84fa94-04c1-424b-9868-57a2d4851a1d" relativeResultsDirectory="296a15ac-14a6-4db7-8c5d-e8935697b0a3" />
    <UnitTestResult executionId="e4cee932-28f7-44e6-8621-efe5f589150e" testId="6aeaac59-a053-c60c-83d1-659b9e37b186" testName="FridaApi.Tests.ImageTaggingControllerTests.GenerateTags_WhenContentTypeIsValid_ShouldProcessSuccessfully(contentType: &quot;image/png&quot;)" computerName="LSTKMA321036" duration="00:00:00.0051418" startTime="2025-10-26T13:04:24.6939506+00:00" endTime="2025-10-26T13:04:24.6939506+00:00" testType="13cdc9d9-ddb5-4fa4-a97d-d965ccfc6d4b" outcome="Passed" testListId="8c84fa94-04c1-424b-9868-57a2d4851a1d" relativeResultsDirectory="e4cee932-28f7-44e6-8621-efe5f589150e" />
    <UnitTestResult executionId="02e7ddaa-28b5-40d3-98a0-e766e6e2dd13" testId="c89a746f-2bb2-15f4-82ac-c6b16f4036c5" testName="FridaApi.Tests.ImageTaggingControllerTests.GenerateTags_WhenJsonIsInvalid_ShouldReturnInternalServerError" computerName="LSTKMA321036" duration="00:00:00.0038687" startTime="2025-10-26T13:04:24.7110288+00:00" endTime="2025-10-26T13:04:24.7110291+00:00" testType="13cdc9d9-ddb5-4fa4-a97d-d965ccfc6d4b" outcome="Passed" testListId="8c84fa94-04c1-424b-9868-57a2d4851a1d" relativeResultsDirectory="02e7ddaa-28b5-40d3-98a0-e766e6e2dd13" />
    <UnitTestResult executionId="0c602681-d114-4bdf-9036-e3838512db70" testId="1c1e246c-3870-13c1-4ba2-725acceeeb78" testName="FridaApi.Tests.ImageTaggingControllerTests.GenerateTags_WhenImageIsEmpty_ShouldReturnBadRequest" computerName="LSTKMA321036" duration="00:00:00.0052764" startTime="2025-10-26T13:04:24.6492239+00:00" endTime="2025-10-26T13:04:24.6492243+00:00" testType="13cdc9d9-ddb5-4fa4-a97d-d965ccfc6d4b" outcome="Passed" testListId="8c84fa94-04c1-424b-9868-57a2d4851a1d" relativeResultsDirectory="0c602681-d114-4bdf-9036-e3838512db70" />
  </Results>
  <TestDefinitions>
    <UnitTest name="FridaApi.Tests.ImageTaggingControllerTests.GenerateTags_WhenLargeImageProvided_ShouldProcessCorrectly" storage="c:\code\personal\curso-frida-team2\fridaapi\fridaapi.tests\bin\debug\net8.0\fridaapi.tests.dll" id="e00212c7-33ba-550b-59b4-670bb5f31ca8">
      <Execution id="8becc854-f07d-4f1b-8a61-743d71af1198" />
      <TestMethod codeBase="C:\Code\Personal\curso-frida-team2\FridaApi\FridaApi.Tests\bin\Debug\net8.0\FridaApi.Tests.dll" adapterTypeName="executor://xunit/VsTestRunner2/netcoreapp" className="FridaApi.Tests.ImageTaggingControllerTests" name="GenerateTags_WhenLargeImageProvided_ShouldProcessCorrectly" />
    </UnitTest>
    <UnitTest name="FridaApi.Tests.ImageTaggingControllerTests.GenerateTags_WhenLlmResponseHasEmptyContent_ShouldReturnBadRequest" storage="c:\code\personal\curso-frida-team2\fridaapi\fridaapi.tests\bin\debug\net8.0\fridaapi.tests.dll" id="43f9b712-a95c-ec35-fd12-a3e04767e948">
      <Execution id="0f8bf5cb-3806-4d5c-8734-3855b7950aa9" />
      <TestMethod codeBase="C:\Code\Personal\curso-frida-team2\FridaApi\FridaApi.Tests\bin\Debug\net8.0\FridaApi.Tests.dll" adapterTypeName="executor://xunit/VsTestRunner2/netcoreapp" className="FridaApi.Tests.ImageTaggingControllerTests" name="GenerateTags_WhenLlmResponseHasEmptyContent_ShouldReturnBadRequest" />
    </UnitTest>
    <UnitTest name="FridaApi.Tests.ImageTaggingControllerTests.GenerateTags_WhenLlmResponseHasWhitespaceOnlyContent_ShouldReturnBadRequest" storage="c:\code\personal\curso-frida-team2\fridaapi\fridaapi.tests\bin\debug\net8.0\fridaapi.tests.dll" id="ca276d9b-2714-6411-67db-f73edd950a85">
      <Execution id="0fc0ceeb-bddd-420a-b031-03242524067b" />
      <TestMethod codeBase="C:\Code\Personal\curso-frida-team2\FridaApi\FridaApi.Tests\bin\Debug\net8.0\FridaApi.Tests.dll" adapterTypeName="executor://xunit/VsTestRunner2/netcoreapp" className="FridaApi.Tests.ImageTaggingControllerTests" name="GenerateTags_WhenLlmResponseHasWhitespaceOnlyContent_ShouldReturnBadRequest" />
    </UnitTest>
    <UnitTest name="FridaApi.Tests.ImageTaggingControllerTests.GenerateTags_WhenImageIsEmpty_ShouldReturnBadRequest" storage="c:\code\personal\curso-frida-team2\fridaapi\fridaapi.tests\bin\debug\net8.0\fridaapi.tests.dll" id="1c1e246c-3870-13c1-4ba2-725acceeeb78">
      <Execution id="0c602681-d114-4bdf-9036-e3838512db70" />
      <TestMethod codeBase="C:\Code\Personal\curso-frida-team2\FridaApi\FridaApi.Tests\bin\Debug\net8.0\FridaApi.Tests.dll" adapterTypeName="executor://xunit/VsTestRunner2/netcoreapp" className="FridaApi.Tests.ImageTaggingControllerTests" name="GenerateTags_WhenImageIsEmpty_ShouldReturnBadRequest" />
    </UnitTest>
    <UnitTest name="FridaApi.Tests.ImageTaggingControllerTests.GenerateTags_WhenLlmResponseHasNullMessage_ShouldReturnBadRequest" storage="c:\code\personal\curso-frida-team2\fridaapi\fridaapi.tests\bin\debug\net8.0\fridaapi.tests.dll" id="bf06c0a1-3101-8836-5c07-58aee55487ce">
      <Execution id="e5e1298d-3c06-40af-8c19-76e70095fcad" />
      <TestMethod codeBase="C:\Code\Personal\curso-frida-team2\FridaApi\FridaApi.Tests\bin\Debug\net8.0\FridaApi.Tests.dll" adapterTypeName="executor://xunit/VsTestRunner2/netcoreapp" className="FridaApi.Tests.ImageTaggingControllerTests" name="GenerateTags_WhenLlmResponseHasNullMessage_ShouldReturnBadRequest" />
    </UnitTest>
    <UnitTest name="FridaApi.Tests.ImageTaggingControllerTests.GenerateTags_WhenContentTypeHasMixedCase_ShouldProcessSuccessfully(contentType: &quot;IMAGE/GIF&quot;)" storage="c:\code\personal\curso-frida-team2\fridaapi\fridaapi.tests\bin\debug\net8.0\fridaapi.tests.dll" id="890b8be9-1558-ac5b-0e2b-9c4a5c43d90d">
      <Execution id="b9d77203-c6e6-48fe-9c22-7863c408aa7f" />
      <TestMethod codeBase="C:\Code\Personal\curso-frida-team2\FridaApi\FridaApi.Tests\bin\Debug\net8.0\FridaApi.Tests.dll" adapterTypeName="executor://xunit/VsTestRunner2/netcoreapp" className="FridaApi.Tests.ImageTaggingControllerTests" name="GenerateTags_WhenContentTypeHasMixedCase_ShouldProcessSuccessfully" />
    </UnitTest>
    <UnitTest name="FridaApi.Tests.ImageTaggingControllerTests.GenerateTags_WhenContentTypeIsValid_ShouldProcessSuccessfully(contentType: &quot;image/gif&quot;)" storage="c:\code\personal\curso-frida-team2\fridaapi\fridaapi.tests\bin\debug\net8.0\fridaapi.tests.dll" id="4af9d140-fc18-c5ac-949f-7d63d2685d84">
      <Execution id="36b7735d-f464-49c9-a880-ac94a99ab14d" />
      <TestMethod codeBase="C:\Code\Personal\curso-frida-team2\FridaApi\FridaApi.Tests\bin\Debug\net8.0\FridaApi.Tests.dll" adapterTypeName="executor://xunit/VsTestRunner2/netcoreapp" className="FridaApi.Tests.ImageTaggingControllerTests" name="GenerateTags_WhenContentTypeIsValid_ShouldProcessSuccessfully" />
    </UnitTest>
    <UnitTest name="FridaApi.Tests.ImageTaggingControllerTests.GenerateTags_WhenImageIsNull_ShouldReturnBadRequest" storage="c:\code\personal\curso-frida-team2\fridaapi\fridaapi.tests\bin\debug\net8.0\fridaapi.tests.dll" id="26a7a7d5-3966-0032-64f9-93640871a553">
      <Execution id="5496dafa-cc7d-49f8-b565-7eaf15975dee" />
      <TestMethod codeBase="C:\Code\Personal\curso-frida-team2\FridaApi\FridaApi.Tests\bin\Debug\net8.0\FridaApi.Tests.dll" adapterTypeName="executor://xunit/VsTestRunner2/netcoreapp" className="FridaApi.Tests.ImageTaggingControllerTests" name="GenerateTags_WhenImageIsNull_ShouldReturnBadRequest" />
    </UnitTest>
    <UnitTest name="FridaApi.Tests.ImageTaggingControllerTests.GenerateTags_WhenContentTypeIsValid_ShouldProcessSuccessfully(contentType: &quot;image/png&quot;)" storage="c:\code\personal\curso-frida-team2\fridaapi\fridaapi.tests\bin\debug\net8.0\fridaapi.tests.dll" id="6aeaac59-a053-c60c-83d1-659b9e37b186">
      <Execution id="e4cee932-28f7-44e6-8621-efe5f589150e" />
      <TestMethod codeBase="C:\Code\Personal\curso-frida-team2\FridaApi\FridaApi.Tests\bin\Debug\net8.0\FridaApi.Tests.dll" adapterTypeName="executor://xunit/VsTestRunner2/netcoreapp" className="FridaApi.Tests.ImageTaggingControllerTests" name="GenerateTags_WhenContentTypeIsValid_ShouldProcessSuccessfully" />
    </UnitTest>
    <UnitTest name="FridaApi.Tests.ImageTaggingControllerTests.GenerateTags_WhenContentTypeIsValid_ShouldProcessSuccessfully(contentType: &quot;image/jpg&quot;)" storage="c:\code\personal\curso-frida-team2\fridaapi\fridaapi.tests\bin\debug\net8.0\fridaapi.tests.dll" id="a54927a1-8cac-6db0-0697-7d5c5ffbd796">
      <Execution id="64b19f5a-0dac-4f0b-9d35-e37976c6aac2" />
      <TestMethod codeBase="C:\Code\Personal\curso-frida-team2\FridaApi\FridaApi.Tests\bin\Debug\net8.0\FridaApi.Tests.dll" adapterTypeName="executor://xunit/VsTestRunner2/netcoreapp" className="FridaApi.Tests.ImageTaggingControllerTests" name="GenerateTags_WhenContentTypeIsValid_ShouldProcessSuccessfully" />
    </UnitTest>
    <UnitTest name="FridaApi.Tests.ImageTaggingControllerTests.GenerateTags_WhenContentTypeIsInvalid_ShouldReturnBadRequest" storage="c:\code\personal\curso-frida-team2\fridaapi\fridaapi.tests\bin\debug\net8.0\fridaapi.tests.dll" id="ab49c52a-12e1-a4b4-c921-f18a643724a1">
      <Execution id="821fc636-f765-4612-94c8-6d6fb1d659ca" />
      <TestMethod codeBase="C:\Code\Personal\curso-frida-team2\FridaApi\FridaApi.Tests\bin\Debug\net8.0\FridaApi.Tests.dll" adapterTypeName="executor://xunit/VsTestRunner2/netcoreapp" className="FridaApi.Tests.ImageTaggingControllerTests" name="GenerateTags_WhenContentTypeIsInvalid_ShouldReturnBadRequest" />
    </UnitTest>
    <UnitTest name="FridaApi.Tests.ImageTaggingControllerTests.GenerateTags_WhenLlmApiReturnsHttpError_ShouldReturnCorrectStatusCode(errorCode: ServiceUnavailable)" storage="c:\code\personal\curso-frida-team2\fridaapi\fridaapi.tests\bin\debug\net8.0\fridaapi.tests.dll" id="e7708ff5-b7b3-e45e-86b9-62ee4ef90d0f">
      <Execution id="1e386230-eeb1-4fcf-b043-6b81518101a6" />
      <TestMethod codeBase="C:\Code\Personal\curso-frida-team2\FridaApi\FridaApi.Tests\bin\Debug\net8.0\FridaApi.Tests.dll" adapterTypeName="executor://xunit/VsTestRunner2/netcoreapp" className="FridaApi.Tests.ImageTaggingControllerTests" name="GenerateTags_WhenLlmApiReturnsHttpError_ShouldReturnCorrectStatusCode" />
    </UnitTest>
    <UnitTest name="FridaApi.Tests.ImageTaggingControllerTests.GenerateTags_WhenContentTypeIsValid_ShouldProcessSuccessfully(contentType: &quot;image/bmp&quot;)" storage="c:\code\personal\curso-frida-team2\fridaapi\fridaapi.tests\bin\debug\net8.0\fridaapi.tests.dll" id="04dff2c2-85a4-6eae-bef4-27efcb72e1de">
      <Execution id="f95846ad-b1db-4c82-bd25-f0eb44ecb8ac" />
      <TestMethod codeBase="C:\Code\Personal\curso-frida-team2\FridaApi\FridaApi.Tests\bin\Debug\net8.0\FridaApi.Tests.dll" adapterTypeName="executor://xunit/VsTestRunner2/netcoreapp" className="FridaApi.Tests.ImageTaggingControllerTests" name="GenerateTags_WhenContentTypeIsValid_ShouldProcessSuccessfully" />
    </UnitTest>
    <UnitTest name="FridaApi.Tests.ImageTaggingControllerTests.GenerateTags_WhenHttpClientThrowsException_ShouldReturnInternalServerError" storage="c:\code\personal\curso-frida-team2\fridaapi\fridaapi.tests\bin\debug\net8.0\fridaapi.tests.dll" id="14639210-5689-01d3-a2e3-4c79f0a13483">
      <Execution id="c85168fb-7ccf-478c-949a-4f4a8c0bca07" />
      <TestMethod codeBase="C:\Code\Personal\curso-frida-team2\FridaApi\FridaApi.Tests\bin\Debug\net8.0\FridaApi.Tests.dll" adapterTypeName="executor://xunit/VsTestRunner2/netcoreapp" className="FridaApi.Tests.ImageTaggingControllerTests" name="GenerateTags_WhenHttpClientThrowsException_ShouldReturnInternalServerError" />
    </UnitTest>
    <UnitTest name="FridaApi.Tests.ImageTaggingControllerTests.GenerateTags_WhenLlmApiReturnsHttpError_ShouldReturnCorrectStatusCode(errorCode: Unauthorized)" storage="c:\code\personal\curso-frida-team2\fridaapi\fridaapi.tests\bin\debug\net8.0\fridaapi.tests.dll" id="4f0536a6-2fbe-5ae6-e528-3336421c94de">
      <Execution id="07f041e4-1fa6-413c-991d-36763b1dbdee" />
      <TestMethod codeBase="C:\Code\Personal\curso-frida-team2\FridaApi\FridaApi.Tests\bin\Debug\net8.0\FridaApi.Tests.dll" adapterTypeName="executor://xunit/VsTestRunner2/netcoreapp" className="FridaApi.Tests.ImageTaggingControllerTests" name="GenerateTags_WhenLlmApiReturnsHttpError_ShouldReturnCorrectStatusCode" />
    </UnitTest>
    <UnitTest name="FridaApi.Tests.ImageTaggingControllerTests.GenerateTags_WhenLlmResponseHasEmptyChoicesArray_ShouldReturnBadRequest" storage="c:\code\personal\curso-frida-team2\fridaapi\fridaapi.tests\bin\debug\net8.0\fridaapi.tests.dll" id="3958e981-5da1-22b7-d308-47507959d81c">
      <Execution id="dd539fb2-a407-4d42-bf03-861c6b776d77" />
      <TestMethod codeBase="C:\Code\Personal\curso-frida-team2\FridaApi\FridaApi.Tests\bin\Debug\net8.0\FridaApi.Tests.dll" adapterTypeName="executor://xunit/VsTestRunner2/netcoreapp" className="FridaApi.Tests.ImageTaggingControllerTests" name="GenerateTags_WhenLlmResponseHasEmptyChoicesArray_ShouldReturnBadRequest" />
    </UnitTest>
    <UnitTest name="FridaApi.Tests.ImageTaggingControllerTests.GenerateTags_WhenContentTypeHasMixedCase_ShouldProcessSuccessfully(contentType: &quot;IMAGE/JPEG&quot;)" storage="c:\code\personal\curso-frida-team2\fridaapi\fridaapi.tests\bin\debug\net8.0\fridaapi.tests.dll" id="99072ed1-f65b-a025-ec7e-ee68ab4cf7c8">
      <Execution id="269a6af2-573f-4856-8ea1-ed6a17cd5447" />
      <TestMethod codeBase="C:\Code\Personal\curso-frida-team2\FridaApi\FridaApi.Tests\bin\Debug\net8.0\FridaApi.Tests.dll" adapterTypeName="executor://xunit/VsTestRunner2/netcoreapp" className="FridaApi.Tests.ImageTaggingControllerTests" name="GenerateTags_WhenContentTypeHasMixedCase_ShouldProcessSuccessfully" />
    </UnitTest>
    <UnitTest name="FridaApi.Tests.ImageTaggingControllerTests.GenerateTags_WhenContentTypeIsNull_ShouldReturnBadRequest" storage="c:\code\personal\curso-frida-team2\fridaapi\fridaapi.tests\bin\debug\net8.0\fridaapi.tests.dll" id="535da75d-95c7-40f7-3fcb-6aa4946925cf">
      <Execution id="296a15ac-14a6-4db7-8c5d-e8935697b0a3" />
      <TestMethod codeBase="C:\Code\Personal\curso-frida-team2\FridaApi\FridaApi.Tests\bin\Debug\net8.0\FridaApi.Tests.dll" adapterTypeName="executor://xunit/VsTestRunner2/netcoreapp" className="FridaApi.Tests.ImageTaggingControllerTests" name="GenerateTags_WhenContentTypeIsNull_ShouldReturnBadRequest" />
    </UnitTest>
    <UnitTest name="FridaApi.Tests.ImageTaggingControllerTests.GenerateTags_WhenSuccessful_ShouldSendCorrectRequestToLlmApi" storage="c:\code\personal\curso-frida-team2\fridaapi\fridaapi.tests\bin\debug\net8.0\fridaapi.tests.dll" id="3251d56d-5bbe-90cb-c32b-73e0e5fbff90">
      <Execution id="09e4a1ce-7344-4013-b185-503431f3827e" />
      <TestMethod codeBase="C:\Code\Personal\curso-frida-team2\FridaApi\FridaApi.Tests\bin\Debug\net8.0\FridaApi.Tests.dll" adapterTypeName="executor://xunit/VsTestRunner2/netcoreapp" className="FridaApi.Tests.ImageTaggingControllerTests" name="GenerateTags_WhenSuccessful_ShouldSendCorrectRequestToLlmApi" />
    </UnitTest>
    <UnitTest name="FridaApi.Tests.ImageTaggingControllerTests.GenerateTags_WhenContentTypeHasMixedCase_ShouldProcessSuccessfully(contentType: &quot;Image/PNG&quot;)" storage="c:\code\personal\curso-frida-team2\fridaapi\fridaapi.tests\bin\debug\net8.0\fridaapi.tests.dll" id="7491ec0a-5693-6b80-e8fa-7a6617b06dd6">
      <Execution id="35d6ecc1-0a20-4c0f-a935-cc08119ead49" />
      <TestMethod codeBase="C:\Code\Personal\curso-frida-team2\FridaApi\FridaApi.Tests\bin\Debug\net8.0\FridaApi.Tests.dll" adapterTypeName="executor://xunit/VsTestRunner2/netcoreapp" className="FridaApi.Tests.ImageTaggingControllerTests" name="GenerateTags_WhenContentTypeHasMixedCase_ShouldProcessSuccessfully" />
    </UnitTest>
    <UnitTest name="FridaApi.Tests.ImageTaggingControllerTests.GenerateTags_WhenTagsContainWhitespace_ShouldTrimCorrectly" storage="c:\code\personal\curso-frida-team2\fridaapi\fridaapi.tests\bin\debug\net8.0\fridaapi.tests.dll" id="7b97307a-1382-8bdb-68b3-58f786ec3d51">
      <Execution id="c913ca0e-4f4f-43ed-99d8-bd97e5bbc3ff" />
      <TestMethod codeBase="C:\Code\Personal\curso-frida-team2\FridaApi\FridaApi.Tests\bin\Debug\net8.0\FridaApi.Tests.dll" adapterTypeName="executor://xunit/VsTestRunner2/netcoreapp" className="FridaApi.Tests.ImageTaggingControllerTests" name="GenerateTags_WhenTagsContainWhitespace_ShouldTrimCorrectly" />
    </UnitTest>
    <UnitTest name="FridaApi.Tests.ImageTaggingControllerTests.GenerateTags_WhenContentTypeIsValid_ShouldProcessSuccessfully(contentType: &quot;image/jpeg&quot;)" storage="c:\code\personal\curso-frida-team2\fridaapi\fridaapi.tests\bin\debug\net8.0\fridaapi.tests.dll" id="8aea56b9-fb9d-1190-b44e-c10e1c595276">
      <Execution id="ffa2d2a2-8ced-445c-87a4-f22c671fd703" />
      <TestMethod codeBase="C:\Code\Personal\curso-frida-team2\FridaApi\FridaApi.Tests\bin\Debug\net8.0\FridaApi.Tests.dll" adapterTypeName="executor://xunit/VsTestRunner2/netcoreapp" className="FridaApi.Tests.ImageTaggingControllerTests" name="GenerateTags_WhenContentTypeIsValid_ShouldProcessSuccessfully" />
    </UnitTest>
    <UnitTest name="FridaApi.Tests.ImageTaggingControllerTests.GenerateTags_WhenTagsContainEmptyValues_ShouldFilterThemOut" storage="c:\code\personal\curso-frida-team2\fridaapi\fridaapi.tests\bin\debug\net8.0\fridaapi.tests.dll" id="5c855449-324c-d988-e2bc-fb41a9410225">
      <Execution id="971388fc-ad55-45f1-8552-a01cc313d3be" />
      <TestMethod codeBase="C:\Code\Personal\curso-frida-team2\FridaApi\FridaApi.Tests\bin\Debug\net8.0\FridaApi.Tests.dll" adapterTypeName="executor://xunit/VsTestRunner2/netcoreapp" className="FridaApi.Tests.ImageTaggingControllerTests" name="GenerateTags_WhenTagsContainEmptyValues_ShouldFilterThemOut" />
    </UnitTest>
    <UnitTest name="FridaApi.Tests.ImageTaggingControllerTests.GenerateTags_WhenLlmApiReturnsHttpError_ShouldReturnCorrectStatusCode(errorCode: Forbidden)" storage="c:\code\personal\curso-frida-team2\fridaapi\fridaapi.tests\bin\debug\net8.0\fridaapi.tests.dll" id="8769ae65-37b2-1643-3cf3-bf1da22971ff">
      <Execution id="e406a99e-fbc1-4116-87ff-9a5024d94375" />
      <TestMethod codeBase="C:\Code\Personal\curso-frida-team2\FridaApi\FridaApi.Tests\bin\Debug\net8.0\FridaApi.Tests.dll" adapterTypeName="executor://xunit/VsTestRunner2/netcoreapp" className="FridaApi.Tests.ImageTaggingControllerTests" name="GenerateTags_WhenLlmApiReturnsHttpError_ShouldReturnCorrectStatusCode" />
    </UnitTest>
    <UnitTest name="FridaApi.Tests.ImageTaggingControllerTests.GenerateTags_WhenSuccessful_ShouldHaveRecentTimestamp" storage="c:\code\personal\curso-frida-team2\fridaapi\fridaapi.tests\bin\debug\net8.0\fridaapi.tests.dll" id="99e89085-4b7d-0550-4d82-67456ce6a1e0">
      <Execution id="8004314e-8d60-4d88-bd14-f5332b860490" />
      <TestMethod codeBase="C:\Code\Personal\curso-frida-team2\FridaApi\FridaApi.Tests\bin\Debug\net8.0\FridaApi.Tests.dll" adapterTypeName="executor://xunit/VsTestRunner2/netcoreapp" className="FridaApi.Tests.ImageTaggingControllerTests" name="GenerateTags_WhenSuccessful_ShouldHaveRecentTimestamp" />
    </UnitTest>
    <UnitTest name="FridaApi.Tests.ImageTaggingControllerTests.GenerateTags_WhenLlmApiReturnsHttpError_ShouldReturnCorrectStatusCode(errorCode: InternalServerError)" storage="c:\code\personal\curso-frida-team2\fridaapi\fridaapi.tests\bin\debug\net8.0\fridaapi.tests.dll" id="e42a317b-add1-755c-2335-8611b5350374">
      <Execution id="70d7a287-ce93-4027-8a14-1ac286059a9c" />
      <TestMethod codeBase="C:\Code\Personal\curso-frida-team2\FridaApi\FridaApi.Tests\bin\Debug\net8.0\FridaApi.Tests.dll" adapterTypeName="executor://xunit/VsTestRunner2/netcoreapp" className="FridaApi.Tests.ImageTaggingControllerTests" name="GenerateTags_WhenLlmApiReturnsHttpError_ShouldReturnCorrectStatusCode" />
    </UnitTest>
    <UnitTest name="FridaApi.Tests.ImageTaggingControllerTests.GenerateTags_WhenJsonIsInvalid_ShouldReturnInternalServerError" storage="c:\code\personal\curso-frida-team2\fridaapi\fridaapi.tests\bin\debug\net8.0\fridaapi.tests.dll" id="c89a746f-2bb2-15f4-82ac-c6b16f4036c5">
      <Execution id="02e7ddaa-28b5-40d3-98a0-e766e6e2dd13" />
      <TestMethod codeBase="C:\Code\Personal\curso-frida-team2\FridaApi\FridaApi.Tests\bin\Debug\net8.0\FridaApi.Tests.dll" adapterTypeName="executor://xunit/VsTestRunner2/netcoreapp" className="FridaApi.Tests.ImageTaggingControllerTests" name="GenerateTags_WhenJsonIsInvalid_ShouldReturnInternalServerError" />
    </UnitTest>
    <UnitTest name="FridaApi.Tests.ImageTaggingControllerTests.GenerateTags_WhenLlmResponseHasNullChoices_ShouldReturnBadRequest" storage="c:\code\personal\curso-frida-team2\fridaapi\fridaapi.tests\bin\debug\net8.0\fridaapi.tests.dll" id="98e61013-ab21-5322-4373-d622beba0b31">
      <Execution id="b447c323-dfcf-4538-b781-aaa69045dc9f" />
      <TestMethod codeBase="C:\Code\Personal\curso-frida-team2\FridaApi\FridaApi.Tests\bin\Debug\net8.0\FridaApi.Tests.dll" adapterTypeName="executor://xunit/VsTestRunner2/netcoreapp" className="FridaApi.Tests.ImageTaggingControllerTests" name="GenerateTags_WhenLlmResponseHasNullChoices_ShouldReturnBadRequest" />
    </UnitTest>
    <UnitTest name="FridaApi.Tests.ImageTaggingControllerTests.GenerateTags_WhenLlmApiReturnsHttpError_ShouldReturnCorrectStatusCode(errorCode: BadRequest)" storage="c:\code\personal\curso-frida-team2\fridaapi\fridaapi.tests\bin\debug\net8.0\fridaapi.tests.dll" id="418ac5af-c3b7-a666-908f-37abb5ba4149">
      <Execution id="1bf116ef-7092-44b9-b7fd-cff36f03725b" />
      <TestMethod codeBase="C:\Code\Personal\curso-frida-team2\FridaApi\FridaApi.Tests\bin\Debug\net8.0\FridaApi.Tests.dll" adapterTypeName="executor://xunit/VsTestRunner2/netcoreapp" className="FridaApi.Tests.ImageTaggingControllerTests" name="GenerateTags_WhenLlmApiReturnsHttpError_ShouldReturnCorrectStatusCode" />
    </UnitTest>
  </TestDefinitions>
  <TestEntries>
    <TestEntry testId="99072ed1-f65b-a025-ec7e-ee68ab4cf7c8" executionId="269a6af2-573f-4856-8ea1-ed6a17cd5447" testListId="8c84fa94-04c1-424b-9868-57a2d4851a1d" />
    <TestEntry testId="e42a317b-add1-755c-2335-8611b5350374" executionId="70d7a287-ce93-4027-8a14-1ac286059a9c" testListId="8c84fa94-04c1-424b-9868-57a2d4851a1d" />
    <TestEntry testId="8aea56b9-fb9d-1190-b44e-c10e1c595276" executionId="ffa2d2a2-8ced-445c-87a4-f22c671fd703" testListId="8c84fa94-04c1-424b-9868-57a2d4851a1d" />
    <TestEntry testId="26a7a7d5-3966-0032-64f9-93640871a553" executionId="5496dafa-cc7d-49f8-b565-7eaf15975dee" testListId="8c84fa94-04c1-424b-9868-57a2d4851a1d" />
    <TestEntry testId="7491ec0a-5693-6b80-e8fa-7a6617b06dd6" executionId="35d6ecc1-0a20-4c0f-a935-cc08119ead49" testListId="8c84fa94-04c1-424b-9868-57a2d4851a1d" />
    <TestEntry testId="a54927a1-8cac-6db0-0697-7d5c5ffbd796" executionId="64b19f5a-0dac-4f0b-9d35-e37976c6aac2" testListId="8c84fa94-04c1-424b-9868-57a2d4851a1d" />
    <TestEntry testId="e7708ff5-b7b3-e45e-86b9-62ee4ef90d0f" executionId="1e386230-eeb1-4fcf-b043-6b81518101a6" testListId="8c84fa94-04c1-424b-9868-57a2d4851a1d" />
    <TestEntry testId="418ac5af-c3b7-a666-908f-37abb5ba4149" executionId="1bf116ef-7092-44b9-b7fd-cff36f03725b" testListId="8c84fa94-04c1-424b-9868-57a2d4851a1d" />
    <TestEntry testId="99e89085-4b7d-0550-4d82-67456ce6a1e0" executionId="8004314e-8d60-4d88-bd14-f5332b860490" testListId="8c84fa94-04c1-424b-9868-57a2d4851a1d" />
    <TestEntry testId="3251d56d-5bbe-90cb-c32b-73e0e5fbff90" executionId="09e4a1ce-7344-4013-b185-503431f3827e" testListId="8c84fa94-04c1-424b-9868-57a2d4851a1d" />
    <TestEntry testId="4af9d140-fc18-c5ac-949f-7d63d2685d84" executionId="36b7735d-f464-49c9-a880-ac94a99ab14d" testListId="8c84fa94-04c1-424b-9868-57a2d4851a1d" />
    <TestEntry testId="04dff2c2-85a4-6eae-bef4-27efcb72e1de" executionId="f95846ad-b1db-4c82-bd25-f0eb44ecb8ac" testListId="8c84fa94-04c1-424b-9868-57a2d4851a1d" />
    <TestEntry testId="ab49c52a-12e1-a4b4-c921-f18a643724a1" executionId="821fc636-f765-4612-94c8-6d6fb1d659ca" testListId="8c84fa94-04c1-424b-9868-57a2d4851a1d" />
    <TestEntry testId="43f9b712-a95c-ec35-fd12-a3e04767e948" executionId="0f8bf5cb-3806-4d5c-8734-3855b7950aa9" testListId="8c84fa94-04c1-424b-9868-57a2d4851a1d" />
    <TestEntry testId="bf06c0a1-3101-8836-5c07-58aee55487ce" executionId="e5e1298d-3c06-40af-8c19-76e70095fcad" testListId="8c84fa94-04c1-424b-9868-57a2d4851a1d" />
    <TestEntry testId="4f0536a6-2fbe-5ae6-e528-3336421c94de" executionId="07f041e4-1fa6-413c-991d-36763b1dbdee" testListId="8c84fa94-04c1-424b-9868-57a2d4851a1d" />
    <TestEntry testId="14639210-5689-01d3-a2e3-4c79f0a13483" executionId="c85168fb-7ccf-478c-949a-4f4a8c0bca07" testListId="8c84fa94-04c1-424b-9868-57a2d4851a1d" />
    <TestEntry testId="7b97307a-1382-8bdb-68b3-58f786ec3d51" executionId="c913ca0e-4f4f-43ed-99d8-bd97e5bbc3ff" testListId="8c84fa94-04c1-424b-9868-57a2d4851a1d" />
    <TestEntry testId="ca276d9b-2714-6411-67db-f73edd950a85" executionId="0fc0ceeb-bddd-420a-b031-03242524067b" testListId="8c84fa94-04c1-424b-9868-57a2d4851a1d" />
    <TestEntry testId="5c855449-324c-d988-e2bc-fb41a9410225" executionId="971388fc-ad55-45f1-8552-a01cc313d3be" testListId="8c84fa94-04c1-424b-9868-57a2d4851a1d" />
    <TestEntry testId="3958e981-5da1-22b7-d308-47507959d81c" executionId="dd539fb2-a407-4d42-bf03-861c6b776d77" testListId="8c84fa94-04c1-424b-9868-57a2d4851a1d" />
    <TestEntry testId="890b8be9-1558-ac5b-0e2b-9c4a5c43d90d" executionId="b9d77203-c6e6-48fe-9c22-7863c408aa7f" testListId="8c84fa94-04c1-424b-9868-57a2d4851a1d" />
    <TestEntry testId="8769ae65-37b2-1643-3cf3-bf1da22971ff" executionId="e406a99e-fbc1-4116-87ff-9a5024d94375" testListId="8c84fa94-04c1-424b-9868-57a2d4851a1d" />
    <TestEntry testId="98e61013-ab21-5322-4373-d622beba0b31" executionId="b447c323-dfcf-4538-b781-aaa69045dc9f" testListId="8c84fa94-04c1-424b-9868-57a2d4851a1d" />
    <TestEntry testId="e00212c7-33ba-550b-59b4-670bb5f31ca8" executionId="8becc854-f07d-4f1b-8a61-743d71af1198" testListId="8c84fa94-04c1-424b-9868-57a2d4851a1d" />
    <TestEntry testId="535da75d-95c7-40f7-3fcb-6aa4946925cf" executionId="296a15ac-14a6-4db7-8c5d-e8935697b0a3" testListId="8c84fa94-04c1-424b-9868-57a2d4851a1d" />
    <TestEntry testId="6aeaac59-a053-c60c-83d1-659b9e37b186" executionId="e4cee932-28f7-44e6-8621-efe5f589150e" testListId="8c84fa94-04c1-424b-9868-57a2d4851a1d" />
    <TestEntry testId="c89a746f-2bb2-15f4-82ac-c6b16f4036c5" executionId="02e7ddaa-28b5-40d3-98a0-e766e6e2dd13" testListId="8c84fa94-04c1-424b-9868-57a2d4851a1d" />
    <TestEntry testId="1c1e246c-3870-13c1-4ba2-725acceeeb78" executionId="0c602681-d114-4bdf-9036-e3838512db70" testListId="8c84fa94-04c1-424b-9868-57a2d4851a1d" />
  </TestEntries>
  <TestLists>
    <TestList name="Results Not in a List" id="8c84fa94-04c1-424b-9868-57a2d4851a1d" />
    <TestList name="All Loaded Results" id="19431567-8539-422a-85d7-44ee4e166bda" />
  </TestLists>
  <ResultSummary outcome="Completed">
    <Counters total="29" executed="29" passed="29" failed="0" error="0" timeout="0" aborted="0" inconclusive="0" passedButRunAborted="0" notRunnable="0" notExecuted="0" disconnected="0" warning="0" completed="0" inProgress="0" pending="0" />
    <Output>
      <StdOut>[xUnit.net 00:00:00.00] xUnit.net VSTest Adapter v2.8.2+699d445a1a (64-bit .NET 8.0.21)&#xD;
[xUnit.net 00:00:00.16]   Discovering: FridaApi.Tests&#xD;
[xUnit.net 00:00:00.23]   Discovered:  FridaApi.Tests&#xD;
[xUnit.net 00:00:00.23]   Starting:    FridaApi.Tests&#xD;
[xUnit.net 00:00:00.63]   Finished:    FridaApi.Tests&#xD;
</StdOut>
    </Output>
  </ResultSummary>
</TestRun>